\BOOKMARK [1][-]{section.1}{\376\377\000P\000u\000r\000p\000o\000s\000e}{}% 1
\BOOKMARK [1][-]{section.2}{\376\377\000F\000i\000l\000e\000s\000\040\000i\000n\000\040\000S\000c\000o\000p\000e}{}% 2
\BOOKMARK [1][-]{section.3}{\376\377\000D\000e\000t\000a\000i\000l\000e\000d\000\040\000J\000o\000b\000\040\000F\000l\000o\000w\000\040\000\050\000B\000o\000t\000h\000\040\000W\000o\000r\000k\000f\000l\000o\000w\000s\000\051}{}% 3
\BOOKMARK [2][-]{subsection.3.1}{\376\377\000J\000o\000b\000\040\0001\000:\000\040\000P\000r\000e\000p\000a\000r\000e\000\040\000m\000a\000t\000r\000i\000x\000\040\000i\000n\000p\000u\000t\000s}{section.3}% 4
\BOOKMARK [2][-]{subsection.3.2}{\376\377\000J\000o\000b\000\040\0002\000:\000\040\000C\000h\000e\000c\000k\000\040\000s\000e\000l\000f\000-\000h\000o\000s\000t\000e\000d\000\040\000r\000u\000n\000n\000e\000r\000\040\000a\000v\000a\000i\000l\000a\000b\000i\000l\000i\000t\000y}{section.3}% 5
\BOOKMARK [2][-]{subsection.3.3}{\376\377\000J\000o\000b\000\040\0003\000:\000\040\000P\000r\000e\000p\000r\000o\000c\000e\000s\000s\000\040\000<\000S\000e\000r\000i\000e\000s\000>\000\040\000\050\000m\000a\000t\000r\000i\000x\000\051}{section.3}% 6
\BOOKMARK [2][-]{subsection.3.4}{\376\377\000J\000o\000b\000\040\0004\000:\000\040\000U\000p\000l\000o\000a\000d\000\040\000<\000S\000e\000r\000i\000e\000s\000>\000\040\000\050\000m\000a\000t\000r\000i\000x\000\051}{section.3}% 7
\BOOKMARK [2][-]{subsection.3.5}{\376\377\000J\000o\000b\000\040\0005\000:\000\040\000R\000u\000n\000n\000e\000r\000\040\000u\000n\000a\000v\000a\000i\000l\000a\000b\000l\000e\000\040\000\050\000u\000p\000l\000o\000a\000d\000\040\000s\000k\000i\000p\000p\000e\000d\000\051}{section.3}% 8
\BOOKMARK [1][-]{section.4}{\376\377\000D\000i\000f\000f\000e\000r\000e\000n\000c\000e\000s\000\040\000B\000e\000t\000w\000e\000e\000n\000\040\000t\000h\000e\000\040\000T\000w\000o\000\040\000W\000o\000r\000k\000f\000l\000o\000w\000\040\000F\000i\000l\000e\000s}{}% 9
\BOOKMARK [2][-]{subsection.4.1}{\376\377\000A\000u\000t\000o\000\040\000W\000o\000r\000k\000f\000l\000o\000w\000:\000\040\000a\000u\000t\000o\000\137\000u\000p\000d\000a\000t\000e\000\137\000k\000b\000.\000y\000m\000l}{section.4}% 10
\BOOKMARK [2][-]{subsection.4.2}{\376\377\000M\000a\000n\000u\000a\000l\000\040\000W\000o\000r\000k\000f\000l\000o\000w\000:\000\040\000m\000a\000n\000u\000a\000l\000\137\000a\000u\000t\000o\000\137\000u\000p\000d\000a\000t\000e\000\137\000k\000b\000.\000y\000m\000l}{section.4}% 11
\BOOKMARK [1][-]{section.5}{\376\377\000W\000o\000r\000k\000f\000l\000o\000w\000\040\000I\000n\000p\000u\000t\000s\000\040\000a\000n\000d\000\040\000D\000e\000f\000a\000u\000l\000t\000s\000\040\000\050\000I\000f\000\040\000Y\000o\000u\000\040\000D\000o\000\040\000N\000o\000t\000\040\000C\000h\000e\000c\000k\000/\000S\000e\000t\000\040\000A\000n\000y\000t\000h\000i\000n\000g\000\051}{}% 12
\BOOKMARK [2][-]{subsection.5.1}{\376\377\000M\000a\000n\000u\000a\000l\000\040\000R\000u\000n\000\040\000\050\000w\000o\000r\000k\000f\000l\000o\000w\000\137\000d\000i\000s\000p\000a\000t\000c\000h\000\051\000\040\000D\000e\000f\000a\000u\000l\000t\000s}{section.5}% 13
\BOOKMARK [2][-]{subsection.5.2}{\376\377\000S\000c\000h\000e\000d\000u\000l\000e\000d\000\040\000A\000u\000t\000o\000\040\000R\000u\000n\000\040\000D\000e\000f\000a\000u\000l\000t\000s}{section.5}% 14
\BOOKMARK [2][-]{subsection.5.3}{\376\377\000M\000o\000d\000e\000\040\000I\000n\000t\000e\000r\000p\000r\000e\000t\000a\000t\000i\000o\000n}{section.5}% 15
\BOOKMARK [2][-]{subsection.5.4}{\376\377\000S\000i\000n\000g\000l\000e\000\040\000S\000o\000u\000r\000c\000e\000\040\000o\000f\000\040\000T\000r\000u\000t\000h\000\040\000f\000o\000r\000\040\000S\000e\000r\000i\000e\000s\000\040\000G\000o\000v\000e\000r\000n\000a\000n\000c\000e}{section.5}% 16
\BOOKMARK [1][-]{section.6}{\376\377\000E\000n\000d\000-\000t\000o\000-\000E\000n\000d\000\040\000A\000r\000c\000h\000i\000t\000e\000c\000t\000u\000r\000e}{}% 17
\BOOKMARK [2][-]{subsection.6.1}{\376\377\000C\000o\000n\000t\000r\000o\000l\000\040\000P\000l\000a\000n\000e\000\040\000\050\000G\000i\000t\000H\000u\000b\000\040\000A\000c\000t\000i\000o\000n\000s\000\051}{section.6}% 18
\BOOKMARK [2][-]{subsection.6.2}{\376\377\000E\000x\000e\000c\000u\000t\000i\000o\000n\000\040\000P\000l\000a\000n\000e\000\040\000\050\000S\000e\000l\000f\000-\000H\000o\000s\000t\000e\000d\000\040\000R\000u\000n\000n\000e\000r\000\040\000i\000n\000\040\000S\000T\000\040\000N\000e\000t\000w\000o\000r\000k\000\051}{section.6}% 19
\BOOKMARK [2][-]{subsection.6.3}{\376\377\000D\000a\000t\000a\000\040\000a\000n\000d\000\040\000A\000r\000t\000i\000f\000a\000c\000t\000s}{section.6}% 20
\BOOKMARK [1][-]{section.7}{\376\377\000E\000x\000e\000c\000u\000t\000i\000o\000n\000\040\000S\000c\000e\000n\000a\000r\000i\000o\000s}{}% 21
\BOOKMARK [2][-]{subsection.7.1}{\376\377\000S\000c\000e\000n\000a\000r\000i\000o\000\040\000A\000:\000\040\000R\000u\000n\000n\000e\000r\000\040\000A\000v\000a\000i\000l\000a\000b\000l\000e}{section.7}% 22
\BOOKMARK [2][-]{subsection.7.2}{\376\377\000S\000c\000e\000n\000a\000r\000i\000o\000\040\000B\000:\000\040\000R\000u\000n\000n\000e\000r\000\040\000U\000n\000a\000v\000a\000i\000l\000a\000b\000l\000e}{section.7}% 23
\BOOKMARK [1][-]{section.8}{\376\377\000O\000p\000e\000r\000a\000t\000i\000o\000n\000a\000l\000\040\000C\000h\000e\000c\000k\000l\000i\000s\000t}{}% 24
\BOOKMARK [1][-]{section.9}{\376\377\000U\000p\000l\000o\000a\000d\000\040\000T\000i\000m\000e\000o\000u\000t\000\040\000P\000o\000l\000i\000c\000y}{}% 25
\BOOKMARK [1][-]{section.10}{\376\377\000T\000r\000o\000u\000b\000l\000e\000s\000h\000o\000o\000t\000i\000n\000g\000\040\000G\000u\000i\000d\000e}{}% 26
\BOOKMARK [2][-]{subsection.10.1}{\376\377\000R\000u\000n\000\040\000s\000h\000o\000w\000s\000\040\000o\000n\000l\000y\000\040\000n\000o\000t\000i\000c\000e\000\040\000j\000o\000b}{section.10}% 27
\BOOKMARK [2][-]{subsection.10.2}{\376\377\000R\000u\000n\000\040\000b\000u\000t\000t\000o\000n\000\040\000n\000o\000t\000\040\000v\000i\000s\000i\000b\000l\000e}{section.10}% 28
\BOOKMARK [2][-]{subsection.10.3}{\376\377\000U\000n\000s\000u\000p\000p\000o\000r\000t\000e\000d\000\040\000s\000e\000r\000i\000e\000s\000\040\000e\000r\000r\000o\000r\000\040\000\050\000f\000o\000r\000\040\000e\000x\000a\000m\000p\000l\000e\000\040\000C\0005\000\051}{section.10}% 29
\BOOKMARK [2][-]{subsection.10.4}{\376\377\000U\000p\000l\000o\000a\000d\000\040\000d\000i\000d\000\040\000n\000o\000t\000\040\000h\000a\000p\000p\000e\000n}{section.10}% 30
\BOOKMARK [1][-]{section.11}{\376\377\000A\000r\000c\000h\000i\000t\000e\000c\000t\000u\000r\000e\000\040\000S\000u\000m\000m\000a\000r\000y}{}% 31
