\BOOKMARK [0][-]{chapter*.1}{\376\377\000R\000e\000m\000e\000r\000c\000i\000e\000m\000e\000n\000t\000s}{}% 1
\BOOKMARK [0][-]{chapter*.2}{\376\377\000I\000n\000t\000r\000o\000d\000u\000c\000t\000i\000o\000n\000\040\000G\000\351\000n\000\351\000r\000a\000l\000e}{}% 2
\BOOKMARK [0][-]{chapter.1}{\376\377\000C\000o\000n\000t\000e\000x\000t\000e\000\040\000G\000\351\000n\000\351\000r\000a\000l\000\040\000d\000u\000\040\000P\000r\000o\000j\000e\000t}{}% 3
\BOOKMARK [1][-]{section.1.1}{\376\377\000P\000r\000\351\000s\000e\000n\000t\000a\000t\000i\000o\000n\000\040\000d\000e\000\040\000l\000'\000E\000n\000t\000r\000e\000p\000r\000i\000s\000e}{chapter.1}% 4
\BOOKMARK [2][-]{subsection.1.1.1}{\376\377\000P\000r\000\351\000s\000e\000n\000t\000a\000t\000i\000o\000n\000\040\000G\000\351\000n\000\351\000r\000a\000l\000e}{section.1.1}% 5
\BOOKMARK [2][-]{subsection.1.1.2}{\376\377\000V\000i\000s\000i\000o\000n\000\040\000e\000t\000\040\000M\000a\000r\000c\000h\000\351\000s}{section.1.1}% 6
\BOOKMARK [2][-]{subsection.1.1.3}{\376\377\000S\000T\000M\000i\000c\000r\000o\000e\000l\000e\000c\000t\000r\000o\000n\000i\000c\000s\000\040\000T\000u\000n\000i\000s}{section.1.1}% 7
\BOOKMARK [1][-]{section.1.2}{\376\377\000D\000i\000v\000i\000s\000i\000o\000n\000\040\000M\000i\000c\000r\000o\000c\000o\000n\000t\000r\000\364\000l\000e\000u\000r\000s\000\040\000\050\000M\000C\000D\000\051}{chapter.1}% 8
\BOOKMARK [1][-]{section.1.3}{\376\377\000\311\000q\000u\000i\000p\000e\000\040\000d\000'\000A\000c\000c\000u\000e\000i\000l\000\040\000:\000\040\000T\000e\000c\000h\000n\000i\000c\000a\000l\000\040\000M\000a\000r\000k\000e\000t\000i\000n\000g\000\040\000a\000n\000d\000\040\000A\000p\000p\000l\000i\000c\000a\000t\000i\000o\000n\000\040\000S\000u\000p\000p\000o\000r\000t}{chapter.1}% 9
\BOOKMARK [1][-]{section.1.4}{\376\377\000L\000'\000\311\000c\000o\000s\000y\000s\000t\000\350\000m\000e\000\040\000S\000T\000M\0003\0002\000\040\000e\000t\000\040\000l\000e\000s\000\040\000D\000\351\000p\000\364\000t\000s\000\040\000G\000i\000t\000H\000u\000b}{chapter.1}% 10
\BOOKMARK [2][-]{subsection.1.4.1}{\376\377\000L\000e\000s\000\040\000D\000\351\000p\000\364\000t\000s\000\040\000G\000i\000t\000H\000u\000b\000\040\000S\000T\000M\000i\000c\000r\000o\000e\000l\000e\000c\000t\000r\000o\000n\000i\000c\000s}{section.1.4}% 11
\BOOKMARK [1][-]{section.1.5}{\376\377\000P\000r\000o\000b\000l\000\351\000m\000a\000t\000i\000q\000u\000e}{chapter.1}% 12
\BOOKMARK [2][-]{subsection.1.5.1}{\376\377\000C\000r\000i\000t\000i\000q\000u\000e\000\040\000d\000e\000\040\000l\000'\000E\000x\000i\000s\000t\000a\000n\000t}{section.1.5}% 13
\BOOKMARK [1][-]{section.1.6}{\376\377\000O\000b\000j\000e\000c\000t\000i\000f\000s\000\040\000d\000u\000\040\000P\000r\000o\000j\000e\000t}{chapter.1}% 14
\BOOKMARK [1][-]{section.1.7}{\376\377\000C\000o\000n\000t\000r\000i\000b\000u\000t\000i\000o\000n\000s\000\040\000T\000e\000c\000h\000n\000i\000q\000u\000e\000s\000\040\000O\000r\000i\000g\000i\000n\000a\000l\000e\000s}{chapter.1}% 15
\BOOKMARK [1][-]{section.1.8}{\376\377\000E\000n\000j\000e\000u\000x\000\040\000\311\000t\000h\000i\000q\000u\000e\000s\000\040\000e\000t\000\040\000R\000e\000s\000p\000o\000n\000s\000a\000b\000i\000l\000i\000t\000\351}{chapter.1}% 16
\BOOKMARK [1][-]{section.1.9}{\376\377\000L\000e\000s\000\040\0002\0005\000\040\000S\000\351\000r\000i\000e\000s\000\040\000S\000T\000M\0003\0002\000\040\000C\000o\000u\000v\000e\000r\000t\000e\000s}{chapter.1}% 17
\BOOKMARK [1][-]{section.1.10}{\376\377\000P\000l\000a\000n\000\040\000d\000u\000\040\000R\000a\000p\000p\000o\000r\000t}{chapter.1}% 18
\BOOKMARK [0][-]{chapter.2}{\376\377\000\311\000t\000a\000t\000\040\000d\000e\000\040\000l\000'\000A\000r\000t\000\040\000e\000t\000\040\000F\000o\000n\000d\000e\000m\000e\000n\000t\000s\000\040\000T\000h\000\351\000o\000r\000i\000q\000u\000e\000s}{}% 19
\BOOKMARK [1][-]{section.2.1}{\376\377\000L\000e\000\040\000P\000a\000r\000a\000d\000i\000g\000m\000e\000\040\000R\000A\000G}{chapter.2}% 20
\BOOKMARK [1][-]{section.2.2}{\376\377\000P\000r\000e\000p\000r\000o\000c\000e\000s\000s\000i\000n\000g\000\040\000e\000t\000\040\000Q\000u\000a\000l\000i\000t\000\351\000\040\000d\000e\000\040\000l\000a\000\040\000B\000a\000s\000e\000\040\000d\000e\000\040\000C\000o\000n\000n\000a\000i\000s\000s\000a\000n\000c\000e\000s}{chapter.2}% 21
\BOOKMARK [1][-]{section.2.3}{\376\377\000T\000F\000-\000I\000D\000F\000\040\000p\000o\000u\000r\000\040\000l\000a\000\040\000S\000i\000m\000i\000l\000a\000r\000i\000t\000\351}{chapter.2}% 22
\BOOKMARK [1][-]{section.2.4}{\376\377\000A\000l\000f\000r\000e\000d\000\040\000V\000i\000s\000i\000o\000n\000\040\000p\000o\000u\000r\000\040\000l\000a\000\040\000D\000e\000s\000c\000r\000i\000p\000t\000i\000o\000n\000\040\000d\000'\000I\000m\000a\000g\000e\000s}{chapter.2}% 23
\BOOKMARK [1][-]{section.2.5}{\376\377\000\311\000t\000u\000d\000e\000\040\000C\000o\000m\000p\000a\000r\000a\000t\000i\000v\000e\000\040\000d\000e\000s\000\040\000S\000o\000l\000u\000t\000i\000o\000n\000s\000\040\000E\000x\000i\000s\000t\000a\000n\000t\000e\000s}{chapter.2}% 24
\BOOKMARK [1][-]{section.2.6}{\376\377\000S\000y\000n\000t\000h\000\350\000s\000e\000\040\000d\000e\000\040\000l\000a\000\040\000S\000o\000l\000u\000t\000i\000o\000n\000\040\000P\000r\000o\000p\000o\000s\000\351\000e}{chapter.2}% 25
\BOOKMARK [1][-]{section.2.7}{\376\377\000P\000o\000s\000i\000t\000i\000o\000n\000n\000e\000m\000e\000n\000t\000\040\000p\000a\000r\000\040\000R\000a\000p\000p\000o\000r\000t\000\040\000\340\000\040\000l\000'\000\311\000t\000a\000t\000\040\000d\000e\000\040\000l\000'\000A\000r\000t}{chapter.2}% 26
\BOOKMARK [1][-]{section.2.8}{\376\377\000Q\000u\000'\000e\000s\000t\000-\000c\000e\000\040\000q\000u\000'\000u\000n\000\040\000P\000i\000p\000e\000l\000i\000n\000e\000\040\000d\000e\000\040\000P\000r\000e\000p\000r\000o\000c\000e\000s\000s\000i\000n\000g\000\040\000?}{chapter.2}% 27
\BOOKMARK [2][-]{subsection.2.8.1}{\376\377\000P\000r\000i\000n\000c\000i\000p\000e\000s\000\040\000F\000o\000n\000d\000a\000m\000e\000n\000t\000a\000u\000x}{section.2.8}% 28
\BOOKMARK [2][-]{subsection.2.8.2}{\376\377\000A\000n\000a\000l\000o\000g\000i\000e\000\040\000a\000v\000e\000c\000\040\000l\000'\000E\000T\000L\000\040\000C\000l\000a\000s\000s\000i\000q\000u\000e}{section.2.8}% 29
\BOOKMARK [1][-]{section.2.9}{\376\377\000E\000n\000j\000e\000u\000x\000\040\000d\000u\000\040\000P\000r\000e\000p\000r\000o\000c\000e\000s\000s\000i\000n\000g\000\040\000p\000o\000u\000r\000\040\000l\000e\000\040\000R\000A\000G}{chapter.2}% 30
\BOOKMARK [2][-]{subsection.2.9.1}{\376\377\000P\000r\000o\000b\000l\000\350\000m\000e\000\040\000`\000`\000G\000a\000r\000b\000a\000g\000e\000\040\000I\000n\000,\000\040\000G\000a\000r\000b\000a\000g\000e\000\040\000O\000u\000t\000'\000'}{section.2.9}% 31
\BOOKMARK [2][-]{subsection.2.9.2}{\376\377\000E\000x\000i\000g\000e\000n\000c\000e\000s\000\040\000S\000p\000\351\000c\000i\000f\000i\000q\000u\000e\000s\000\040\000a\000u\000\040\000D\000o\000m\000a\000i\000n\000e\000\040\000E\000m\000b\000e\000d\000d\000e\000d}{section.2.9}% 32
\BOOKMARK [1][-]{section.2.10}{\376\377\000\311\000t\000a\000p\000e\000s\000\040\000C\000a\000n\000o\000n\000i\000q\000u\000e\000s\000\040\000d\000'\000u\000n\000\040\000P\000i\000p\000e\000l\000i\000n\000e\000\040\000N\000L\000P}{chapter.2}% 33
\BOOKMARK [2][-]{subsection.2.10.1}{\376\377\0001\000.\000\040\000C\000o\000l\000l\000e\000c\000t\000e\000\040\000\050\000D\000a\000t\000a\000\040\000I\000n\000g\000e\000s\000t\000i\000o\000n\000\051}{section.2.10}% 34
\BOOKMARK [2][-]{subsection.2.10.2}{\376\377\0002\000.\000\040\000N\000e\000t\000t\000o\000y\000a\000g\000e\000\040\000\050\000D\000a\000t\000a\000\040\000C\000l\000e\000a\000n\000i\000n\000g\000\051}{section.2.10}% 35
\BOOKMARK [2][-]{subsection.2.10.3}{\376\377\0003\000.\000\040\000E\000n\000r\000i\000c\000h\000i\000s\000s\000e\000m\000e\000n\000t\000\040\000\050\000F\000e\000a\000t\000u\000r\000e\000\040\000E\000n\000g\000i\000n\000e\000e\000r\000i\000n\000g\000\051}{section.2.10}% 36
\BOOKMARK [2][-]{subsection.2.10.4}{\376\377\0004\000.\000\040\000M\000i\000s\000e\000\040\000e\000n\000\040\000R\000e\000l\000a\000t\000i\000o\000n\000\040\000\050\000L\000i\000n\000k\000i\000n\000g\000\040\000\046\000\040\000S\000i\000m\000i\000l\000a\000r\000i\000t\000y\000\051}{section.2.10}% 37
\BOOKMARK [2][-]{subsection.2.10.5}{\376\377\0005\000.\000\040\000D\000\351\000c\000o\000u\000p\000a\000g\000e\000\040\000\050\000C\000h\000u\000n\000k\000i\000n\000g\000\051}{section.2.10}% 38
\BOOKMARK [2][-]{subsection.2.10.6}{\376\377\0006\000.\000\040\000V\000a\000l\000i\000d\000a\000t\000i\000o\000n\000\040\000e\000t\000\040\000E\000x\000p\000o\000r\000t}{section.2.10}% 39
\BOOKMARK [1][-]{section.2.11}{\376\377\000M\000\351\000t\000r\000i\000q\000u\000e\000s\000\040\000d\000e\000\040\000Q\000u\000a\000l\000i\000t\000\351\000\040\000d\000'\000u\000n\000\040\000P\000i\000p\000e\000l\000i\000n\000e}{chapter.2}% 40
\BOOKMARK [1][-]{section.2.12}{\376\377\000P\000a\000t\000t\000e\000r\000n\000s\000\040\000d\000'\000A\000r\000c\000h\000i\000t\000e\000c\000t\000u\000r\000e\000\040\000P\000i\000p\000e\000l\000i\000n\000e}{chapter.2}% 41
\BOOKMARK [2][-]{subsection.2.12.1}{\376\377\000P\000a\000t\000t\000e\000r\000n\000\040\000B\000a\000t\000c\000h\000\040\000v\000s\000\040\000S\000t\000r\000e\000a\000m\000i\000n\000g}{section.2.12}% 42
\BOOKMARK [2][-]{subsection.2.12.2}{\376\377\000P\000a\000t\000t\000e\000r\000n\000\040\000`\000`\000R\000e\000j\000o\000u\000a\000b\000l\000e\000\040\000p\000a\000r\000\040\000S\000t\000a\000g\000e\000'\000'}{section.2.12}% 43
\BOOKMARK [2][-]{subsection.2.12.3}{\376\377\000P\000a\000t\000t\000e\000r\000n\000\040\000`\000`\000G\000a\000t\000e\000\040\000d\000e\000\040\000Q\000u\000a\000l\000i\000t\000\351\000'\000'}{section.2.12}% 44
\BOOKMARK [0][-]{chapter.3}{\376\377\000A\000n\000a\000l\000y\000s\000e\000\040\000d\000e\000s\000\040\000B\000e\000s\000o\000i\000n\000s\000\040\000e\000t\000\040\000C\000o\000n\000c\000e\000p\000t\000i\000o\000n}{}% 45
\BOOKMARK [1][-]{section.3.1}{\376\377\000I\000d\000e\000n\000t\000i\000f\000i\000c\000a\000t\000i\000o\000n\000\040\000d\000e\000s\000\040\000A\000c\000t\000e\000u\000r\000s}{chapter.3}% 46
\BOOKMARK [1][-]{section.3.2}{\376\377\000B\000e\000s\000o\000i\000n\000s\000\040\000F\000o\000n\000c\000t\000i\000o\000n\000n\000e\000l\000s}{chapter.3}% 47
\BOOKMARK [1][-]{section.3.3}{\376\377\000B\000e\000s\000o\000i\000n\000s\000\040\000N\000o\000n\000\040\000F\000o\000n\000c\000t\000i\000o\000n\000n\000e\000l\000s}{chapter.3}% 48
\BOOKMARK [1][-]{section.3.4}{\376\377\000C\000o\000n\000t\000r\000a\000i\000n\000t\000e\000s\000\040\000e\000t\000\040\000D\000\351\000c\000i\000s\000i\000o\000n\000s\000\040\000d\000e\000\040\000C\000o\000n\000c\000e\000p\000t\000i\000o\000n}{chapter.3}% 49
\BOOKMARK [1][-]{section.3.5}{\376\377\000A\000p\000p\000r\000o\000c\000h\000e\000\040\000M\000\351\000t\000h\000o\000d\000o\000l\000o\000g\000i\000q\000u\000e}{chapter.3}% 50
\BOOKMARK [2][-]{subsection.3.5.1}{\376\377\000S\000\351\000l\000e\000c\000t\000i\000o\000n\000\040\000d\000e\000\040\000l\000a\000\040\000M\000\351\000t\000h\000o\000d\000o\000l\000o\000g\000i\000e\000\040\000:\000\040\000S\000c\000r\000u\000m\000\040\000A\000d\000a\000p\000t\000\351}{section.3.5}% 51
\BOOKMARK [2][-]{subsection.3.5.2}{\376\377\000P\000o\000u\000r\000q\000u\000o\000i\000\040\000C\000R\000I\000S\000P\000-\000D\000M\000\040\000?\000\040\000C\000h\000o\000i\000x\000\040\000e\000t\000\040\000J\000u\000s\000t\000i\000f\000i\000c\000a\000t\000i\000o\000n\000\040\000M\000\351\000t\000h\000o\000d\000o\000l\000o\000g\000i\000q\000u\000e}{section.3.5}% 52
\BOOKMARK [2][-]{subsection.3.5.3}{\376\377\000A\000d\000a\000p\000t\000a\000t\000i\000o\000n\000\040\000d\000e\000\040\000C\000R\000I\000S\000P\000-\000D\000M\000\040\000a\000u\000\040\000P\000r\000o\000j\000e\000t}{section.3.5}% 53
\BOOKMARK [1][-]{section.3.6}{\376\377\000N\000o\000t\000r\000e\000\040\000P\000i\000p\000e\000l\000i\000n\000e\000\040\000:\000\040\000M\000a\000p\000p\000i\000n\000g\000\040\000T\000h\000\351\000o\000r\000i\000e\000\040\000\040\000I\000m\000p\000l\000\351\000m\000e\000n\000t\000a\000t\000i\000o\000n}{chapter.3}% 54
\BOOKMARK [1][-]{section.3.7}{\376\377\000C\000o\000n\000t\000r\000a\000i\000n\000t\000e\000s\000\040\000d\000e\000\040\000l\000a\000\040\000P\000l\000a\000t\000e\000f\000o\000r\000m\000e\000\040\000d\000e\000\040\000R\000e\000t\000r\000i\000e\000v\000a\000l\000\040\000e\000t\000\040\000A\000d\000a\000p\000t\000a\000t\000i\000o\000n\000\040\000d\000u\000\040\000P\000i\000p\000e\000l\000i\000n\000e}{chapter.3}% 55
\BOOKMARK [2][-]{subsection.3.7.1}{\376\377\000P\000a\000r\000a\000m\000\350\000t\000r\000e\000s\000\040\000I\000m\000p\000o\000s\000\351\000s\000\040\000p\000a\000r\000\040\000l\000a\000\040\000P\000l\000a\000t\000e\000f\000o\000r\000m\000e}{section.3.7}% 56
\BOOKMARK [2][-]{subsection.3.7.2}{\376\377\000D\000\351\000c\000o\000u\000p\000a\000g\000e\000\040\000P\000A\000R\000E\000N\000T\000\137\000C\000H\000I\000L\000D}{section.3.7}% 57
\BOOKMARK [2][-]{subsection.3.7.3}{\376\377\000E\000m\000b\000e\000d\000d\000i\000n\000g\000s\000\040\000A\000d\000a\000V\0002\000\040\000e\000t\000\040\000Q\000u\000a\000l\000i\000t\000\351\000\040\000S\000\351\000m\000a\000n\000t\000i\000q\000u\000e\000\040\000d\000u\000\040\000C\000o\000n\000t\000e\000n\000u}{section.3.7}% 58
\BOOKMARK [2][-]{subsection.3.7.4}{\376\377\000T\000a\000i\000l\000l\000e\000s\000\040\000d\000e\000\040\000L\000o\000t\000s\000\040\000\050\000B\000a\000t\000c\000h\000\040\000S\000i\000z\000e\000s\000\051\000\040\000e\000t\000\040\000D\000\351\000b\000i\000t\000\040\000d\000'\000I\000n\000d\000e\000x\000a\000t\000i\000o\000n}{section.3.7}% 59
\BOOKMARK [2][-]{subsection.3.7.5}{\376\377\000S\000y\000n\000t\000h\000\350\000s\000e\000\040\000:\000\040\000C\000o\000n\000t\000r\000a\000i\000n\000t\000e\000\040\000P\000l\000a\000t\000e\000f\000o\000r\000m\000e\000\040\000-\000>\000\040\000D\000\351\000c\000i\000s\000i\000o\000n\000\040\000P\000i\000p\000e\000l\000i\000n\000e\000\040\000-\000>\000\040\000V\000a\000l\000e\000u\000r}{section.3.7}% 60
\BOOKMARK [2][-]{subsection.3.7.6}{\376\377\000V\000a\000l\000e\000u\000r\000\040\000d\000u\000\040\000P\000i\000p\000e\000l\000i\000n\000e\000\040\000p\000a\000r\000\040\000R\000a\000p\000p\000o\000r\000t\000\040\000\340\000\040\000u\000n\000\040\000P\000r\000e\000p\000r\000o\000c\000e\000s\000s\000i\000n\000g\000\040\000R\000A\000G\000\040\000S\000t\000a\000n\000d\000a\000r\000d}{section.3.7}% 61
\BOOKMARK [1][-]{section.3.8}{\376\377\000A\000r\000c\000h\000i\000t\000e\000c\000t\000u\000r\000e\000\040\000C\000i\000b\000l\000e}{chapter.3}% 62
\BOOKMARK [1][-]{section.3.9}{\376\377\000A\000r\000c\000h\000i\000t\000e\000c\000t\000u\000r\000e\000\040\000G\000l\000o\000b\000a\000l\000e}{chapter.3}% 63
\BOOKMARK [1][-]{section.3.10}{\376\377\000C\000h\000o\000i\000x\000\040\000T\000e\000c\000h\000n\000i\000q\000u\000e\000s}{chapter.3}% 64
\BOOKMARK [1][-]{section.3.11}{\376\377\000D\000i\000a\000g\000r\000a\000m\000m\000e\000\040\000d\000e\000\040\000F\000l\000u\000x\000\040\000d\000e\000\040\000D\000o\000n\000n\000\351\000e\000s}{chapter.3}% 65
\BOOKMARK [1][-]{section.3.12}{\376\377\000F\000l\000u\000x\000\040\000S\000o\000u\000r\000c\000e\000-\000t\000o\000-\000A\000n\000s\000w\000e\000r}{chapter.3}% 66
\BOOKMARK [1][-]{section.3.13}{\376\377\000A\000r\000c\000h\000i\000t\000e\000c\000t\000u\000r\000e\000\040\000d\000e\000\040\000D\000e\000l\000i\000v\000e\000r\000y\000\040\000e\000t\000\040\000U\000p\000l\000o\000a\000d\000\040\000K\000B}{chapter.3}% 67
\BOOKMARK [0][-]{chapter.4}{\376\377\000R\000\351\000a\000l\000i\000s\000a\000t\000i\000o\000n\000\040\000e\000t\000\040\000I\000m\000p\000l\000\351\000m\000e\000n\000t\000a\000t\000i\000o\000n}{}% 68
\BOOKMARK [1][-]{section.4.1}{\376\377\000V\000u\000e\000\040\000d\000'\000O\000r\000c\000h\000e\000s\000t\000r\000a\000t\000i\000o\000n\000\040\000d\000u\000\040\000P\000i\000p\000e\000l\000i\000n\000e}{chapter.4}% 69
\BOOKMARK [1][-]{section.4.2}{\376\377\000I\000n\000g\000e\000s\000t\000i\000o\000n\000\040\000\050\000S\000t\000a\000g\000e\000\040\0001\000\051}{chapter.4}% 70
\BOOKMARK [2][-]{subsection.4.2.1}{\376\377\000O\000b\000j\000e\000c\000t\000i\000f}{section.4.2}% 71
\BOOKMARK [2][-]{subsection.4.2.2}{\376\377\000M\000\351\000c\000a\000n\000i\000s\000m\000e}{section.4.2}% 72
\BOOKMARK [2][-]{subsection.4.2.3}{\376\377\000E\000x\000e\000m\000p\000l\000e\000\040\000d\000e\000\040\000S\000o\000r\000t\000i\000e\000\040\040\024\000\040\000I\000s\000s\000u\000e\000\040\000B\000r\000u\000t\000e}{section.4.2}% 73
\BOOKMARK [1][-]{section.4.3}{\376\377\000N\000e\000t\000t\000o\000y\000a\000g\000e\000\040\000\050\000S\000t\000a\000g\000e\000\040\0002\000\051}{chapter.4}% 74
\BOOKMARK [2][-]{subsection.4.3.1}{\376\377\000N\000e\000t\000t\000o\000y\000a\000g\000e\000\040\000d\000e\000s\000\040\000I\000s\000s\000u\000e\000s}{section.4.3}% 75
\BOOKMARK [2][-]{subsection.4.3.2}{\376\377\000E\000x\000e\000m\000p\000l\000e\000\040\000J\000S\000O\000N\000\040\040\024\000\040\000I\000s\000s\000u\000e\000\040\000A\000p\000r\000\350\000s\000\040\000N\000e\000t\000t\000o\000y\000a\000g\000e}{section.4.3}% 76
\BOOKMARK [2][-]{subsection.4.3.3}{\376\377\000N\000e\000t\000t\000o\000y\000a\000g\000e\000\040\000d\000e\000s\000\040\000F\000i\000c\000h\000i\000e\000r\000s}{section.4.3}% 77
\BOOKMARK [2][-]{subsection.4.3.4}{\376\377\000E\000x\000e\000m\000p\000l\000e\000\040\000J\000S\000O\000N\000\040\040\024\000\040\000F\000i\000c\000h\000i\000e\000r\000\040\000A\000p\000r\000\350\000s\000\040\000N\000e\000t\000t\000o\000y\000a\000g\000e}{section.4.3}% 78
\BOOKMARK [1][-]{section.4.4}{\376\377\000N\000e\000t\000t\000o\000y\000a\000g\000e\000\040\000V\0003\000\040\040\024\000\040\000N\000e\000t\000t\000o\000y\000a\000g\000e\000\040\000I\000n\000t\000e\000l\000l\000i\000g\000e\000n\000t\000\040\000p\000a\000r\000\040\000T\000y\000p\000e\000\040\000\050\000S\000t\000a\000g\000e\000\040\0002\000b\000\051}{chapter.4}% 79
\BOOKMARK [2][-]{subsection.4.4.1}{\376\377\000S\000t\000r\000a\000t\000\351\000g\000i\000e\000s\000\040\000d\000e\000\040\000N\000e\000t\000t\000o\000y\000a\000g\000e\000\040\000p\000a\000r\000\040\000T\000y\000p\000e}{section.4.4}% 80
\BOOKMARK [2][-]{subsection.4.4.2}{\376\377\000F\000i\000l\000t\000r\000a\000g\000e\000\040\000C\000M\000S\000I\000S\000\040\000D\000e\000v\000i\000c\000e\000\040\000H\000e\000a\000d\000e\000r\000s}{section.4.4}% 81
\BOOKMARK [2][-]{subsection.4.4.3}{\376\377\000R\000\351\000s\000u\000l\000t\000a\000t\000\040\000d\000u\000\040\000F\000i\000l\000t\000r\000a\000g\000e\000\040\040\024\000\040\000E\000x\000e\000m\000p\000l\000e\000\040\000J\000S\000O\000N}{section.4.4}% 82
\BOOKMARK [2][-]{subsection.4.4.4}{\376\377\000R\000\351\000s\000u\000l\000t\000a\000t\000s\000\040\000d\000u\000\040\000N\000e\000t\000t\000o\000y\000a\000g\000e\000\040\000V\0003}{section.4.4}% 83
\BOOKMARK [2][-]{subsection.4.4.5}{\376\377\000C\000o\000m\000p\000a\000t\000i\000b\000i\000l\000i\000t\000\351\000\040\000e\000t\000\040\000N\000o\000n\000-\000R\000\351\000g\000r\000e\000s\000s\000i\000o\000n}{section.4.4}% 84
\BOOKMARK [1][-]{section.4.5}{\376\377\000E\000n\000r\000i\000c\000h\000i\000s\000s\000e\000m\000e\000n\000t\000\040\000V\0002\000\040\000\050\000S\000t\000a\000g\000e\000\040\0003\000\051}{chapter.4}% 85
\BOOKMARK [2][-]{subsection.4.5.1}{\376\377\000H\000e\000u\000r\000i\000s\000t\000i\000q\000u\000e\000s\000\040\000d\000e\000\040\000C\000l\000a\000s\000s\000i\000f\000i\000c\000a\000t\000i\000o\000n}{section.4.5}% 86
\BOOKMARK [2][-]{subsection.4.5.2}{\376\377\000E\000x\000e\000m\000p\000l\000e\000\040\000d\000e\000\040\000C\000l\000a\000s\000s\000i\000f\000i\000c\000a\000t\000i\000o\000n}{section.4.5}% 87
\BOOKMARK [2][-]{subsection.4.5.3}{\376\377\000R\000\351\000s\000u\000l\000t\000a\000t\000s\000\040\000d\000e\000\040\000C\000o\000u\000v\000e\000r\000t\000u\000r\000e\000\040\000d\000e\000s\000\040\000M\000\351\000t\000a\000d\000o\000n\000n\000\351\000e\000s}{section.4.5}% 88
\BOOKMARK [1][-]{section.4.6}{\376\377\000S\000i\000m\000i\000l\000a\000r\000i\000t\000\351\000\040\000\050\000S\000t\000a\000g\000e\000\040\0004\000\051}{chapter.4}% 89
\BOOKMARK [2][-]{subsection.4.6.1}{\376\377\000A\000l\000g\000o\000r\000i\000t\000h\000m\000e}{section.4.6}% 90
\BOOKMARK [2][-]{subsection.4.6.2}{\376\377\000E\000x\000e\000m\000p\000l\000e\000\040\000J\000S\000O\000N\000\040\040\024\000\040\000I\000s\000s\000u\000e\000\040\000a\000v\000e\000c\000\040\000L\000i\000e\000n\000s\000\040\000d\000e\000\040\000S\000i\000m\000i\000l\000a\000r\000i\000t\000\351}{section.4.6}% 91
\BOOKMARK [1][-]{section.4.7}{\376\377\000C\000h\000u\000n\000k\000i\000n\000g\000\040\000V\0002\000\040\000\050\000S\000t\000a\000g\000e\000\040\0005\000\040\040\024\000\040\000O\000p\000t\000i\000o\000n\000n\000e\000l\000\051}{chapter.4}% 92
\BOOKMARK [1][-]{section.4.8}{\376\377\000D\000e\000l\000i\000v\000e\000r\000y\000\040\000\050\000S\000t\000a\000g\000e\000\040\0007\000\051}{chapter.4}% 93
\BOOKMARK [2][-]{subsection.4.8.1}{\376\377\000R\000e\000s\000o\000l\000v\000e\000r\000\040\000C\000a\000s\000e\000s}{section.4.8}% 94
\BOOKMARK [2][-]{subsection.4.8.2}{\376\377\000E\000x\000e\000m\000p\000l\000e\000\040\000J\000S\000O\000N\000\040\040\024\000\040\000R\000e\000s\000o\000l\000v\000e\000r\000\040\000C\000a\000s\000e}{section.4.8}% 95
\BOOKMARK [2][-]{subsection.4.8.3}{\376\377\000D\000i\000a\000g\000n\000o\000s\000t\000i\000c\000\040\000C\000a\000r\000d\000s}{section.4.8}% 96
\BOOKMARK [2][-]{subsection.4.8.4}{\376\377\000E\000x\000e\000m\000p\000l\000e\000\040\000J\000S\000O\000N\000\040\040\024\000\040\000D\000i\000a\000g\000n\000o\000s\000t\000i\000c\000\040\000C\000a\000r\000d}{section.4.8}% 97
\BOOKMARK [2][-]{subsection.4.8.5}{\376\377\000A\000l\000f\000r\000e\000d\000\040\000V\000i\000s\000i\000o\000n\000\040\040\024\000\040\000E\000n\000r\000i\000c\000h\000i\000s\000s\000e\000m\000e\000n\000t\000\040\000d\000'\000I\000m\000a\000g\000e\000s}{section.4.8}% 98
\BOOKMARK [2][-]{subsection.4.8.6}{\376\377\000F\000i\000a\000b\000i\000l\000i\000t\000\351\000\040\000M\000e\000s\000u\000r\000\351\000e\000\040\000d\000e\000\040\000l\000'\000E\000n\000r\000i\000c\000h\000i\000s\000s\000e\000m\000e\000n\000t\000\040\000V\000i\000s\000u\000e\000l}{section.4.8}% 99
\BOOKMARK [1][-]{section.4.9}{\376\377\000A\000r\000c\000h\000i\000t\000e\000c\000t\000u\000r\000e\000\040\000A\000g\000e\000n\000t\000s\000\040\040\024\000\040\000P\000e\000r\000s\000o\000n\000a\000\040\000S\000T\000\040\000C\000h\000a\000t\000G\000P\000T}{chapter.4}% 100
\BOOKMARK [2][-]{subsection.4.9.1}{\376\377\000V\000u\000e\000\040\000d\000'\000e\000n\000s\000e\000m\000b\000l\000e}{section.4.9}% 101
\BOOKMARK [2][-]{subsection.4.9.2}{\376\377\000P\000e\000r\000s\000o\000n\000a\000\040\000:\000\040\000S\000T\000\040\000G\000i\000t\000H\000u\000b\000\040\000A\000n\000a\000l\000y\000z\000e\000r}{section.4.9}% 102
\BOOKMARK [2][-]{subsection.4.9.3}{\376\377\000T\000o\000o\000l\000\040\0001\000\040\000:\000\040\000K\000B\000\040\000U\000n\000s\000t\000r\000u\000c\000t\000u\000r\000e\000d\000\040\000\050\000R\000e\000c\000h\000e\000r\000c\000h\000e\000\040\000H\000y\000b\000r\000i\000d\000e\000\051}{section.4.9}% 103
\BOOKMARK [2][-]{subsection.4.9.4}{\376\377\000T\000o\000o\000l\000\040\0002\000\040\000:\000\040\000N\000o\000v\000a\000X\000\040\000F\000a\000l\000l\000b\000a\000c\000k}{section.4.9}% 104
\BOOKMARK [2][-]{subsection.4.9.5}{\376\377\000S\000t\000r\000a\000t\000\351\000g\000i\000e\000\040\000d\000e\000\040\000R\000\351\000p\000o\000n\000s\000e\000\040\000\050\000S\000y\000s\000t\000e\000m\000\040\000P\000r\000o\000m\000p\000t\000\051}{section.4.9}% 105
\BOOKMARK [2][-]{subsection.4.9.6}{\376\377\000P\000i\000p\000e\000l\000i\000n\000e\000\040\000c\000o\000m\000m\000e\000\040\000A\000g\000e\000n\000t\000\040\000d\000e\000\040\000M\000a\000i\000n\000t\000e\000n\000a\000n\000c\000e}{section.4.9}% 106
\BOOKMARK [1][-]{section.4.10}{\376\377\000S\000y\000n\000t\000h\000\350\000s\000e\000\040\000d\000e\000\040\000l\000'\000I\000m\000p\000l\000\351\000m\000e\000n\000t\000a\000t\000i\000o\000n}{chapter.4}% 107
\BOOKMARK [1][-]{section.4.11}{\376\377\000C\000o\000n\000f\000i\000g\000u\000r\000a\000t\000i\000o\000n\000\040\000d\000e\000\040\000l\000a\000\040\000P\000l\000a\000t\000e\000f\000o\000r\000m\000e\000\040\000S\000T\000\040\000C\000h\000a\000t\000G\000P\000T}{chapter.4}% 108
\BOOKMARK [2][-]{subsection.4.11.1}{\376\377\000A\000r\000c\000h\000i\000t\000e\000c\000t\000u\000r\000e\000\040\000d\000e\000\040\000l\000a\000\040\000P\000l\000a\000t\000e\000f\000o\000r\000m\000e}{section.4.11}% 109
\BOOKMARK [2][-]{subsection.4.11.2}{\376\377\000C\000o\000n\000f\000i\000g\000u\000r\000a\000t\000i\000o\000n\000\040\000d\000u\000\040\000T\000o\000o\000l\000\040\000K\000B}{section.4.11}% 110
\BOOKMARK [2][-]{subsection.4.11.3}{\376\377\000C\000o\000n\000f\000i\000g\000u\000r\000a\000t\000i\000o\000n\000\040\000d\000u\000\040\000T\000o\000o\000l\000\040\000N\000o\000v\000a\000X\000\040\000\050\000F\000a\000l\000l\000b\000a\000c\000k\000\051}{section.4.11}% 111
\BOOKMARK [2][-]{subsection.4.11.4}{\376\377\000S\000y\000s\000t\000e\000m\000\040\000P\000r\000o\000m\000p\000t\000\040\000d\000e\000\040\000l\000a\000\040\000P\000e\000r\000s\000o\000n\000a}{section.4.11}% 112
\BOOKMARK [2][-]{subsection.4.11.5}{\376\377\000\311\000v\000o\000l\000u\000t\000i\000o\000n\000\040\000I\000n\000c\000r\000\351\000m\000e\000n\000t\000a\000l\000e\000\040\000d\000u\000\040\000Q\000u\000a\000l\000i\000t\000y\000\040\000I\000n\000d\000e\000x}{section.4.11}% 113
